(yt-env) jordi@BCN305jasensi:~/yt-env$ python3 tts_voxcpm.py --text "hola! Como va? Espero que bien" --voice-id francis_es --language es --mode studio --speed 0.8 --output output.wav --url http://debwk.elver-exponential.ts.net:8000/api/v1
Synthesizing with VoxCPM (studio mode)...
Text: hola! Como va? Espero que bien
Voice ID: francis_es
Streaming: False
Speed: 0.8, Pitch: 1.0
Emotion: neutral
Use emotion tags: False
Model: voxcpm

❌ Error during synthesis: 500 Server Error: Internal Server Error for url: http://debwk.elver-exponential.ts.net:8000/api/v1/tts
Response status: 500
Response headers: {'date': 'Tue, 18 Aug 2026 20:49:24 GMT', 'server': 'uvicorn', 'content-length': '21', 'content-type': 'text/plain; charset=utf-8'}
Response text: Internal Server Error
Traceback (most recent call last):
  File "/home/jordi/yt-env/tts_voxcpm.py", line 196, in <module>
    tts_voxcpm(
  File "/home/jordi/yt-env/tts_voxcpm.py", line 99, in tts_voxcpm
    response.raise_for_status()
  File "/home/jordi/yt-env/lib/python3.12/site-packages/requests/models.py", line 1167, in raise_for_status
    raise HTTPError(http_error_msg, response=self)
requests.exceptions.HTTPError: 500 Server Error: Internal Server Error for url: http://debwk.elver-exponential.ts.net:8000/api/v1/tts
(yt-env) jordi@BCN305jasensi:~/yt-env$ 


lighttts-api  | INFO:     Started server process [1]                                  22:49:24 [92/1960]
lighttts-api  | INFO:     Waiting for application startup.                                              
lighttts-api  | INFO:     Application startup complete.                                                 
lighttts-api  | INFO:     Uvicorn running on http://0.0.0.0:8000 (Press CTRL+C to quit)                 
lighttts-api  | {"timestamp": "2026-08-18T20:49:24Z", "level": "INFO", "logger": "api.dependencies", "me
ssage": "Initializing LightTTSEngine with models_path=/app/data/models, voices_path=/app/data/voices, de
vice=cuda", "module": "dependencies", "function": "get_lighttts_engine", "line": 39}                    
lighttts-api  | {"timestamp": "2026-08-18T20:49:24Z", "level": "INFO", "logger": "core.lighttts.engine",
 "message": "Initializing LightTTSEngine...", "module": "engine", "function": "__init__", "line": 56}   
lighttts-api  | {"timestamp": "2026-08-18T20:49:24Z", "level": "INFO", "logger": "core.lighttts.engine",
 "message": "Using device: cuda, default model: cosyvoice2", "module": "engine", "function": "__init__",
 "line": 61}                                                                                            
lighttts-api  | {"timestamp": "2026-08-18T20:49:24Z", "level": "WARNING", "logger": "core.lighttts.engin
e", "message": "No model files found in /app/data/models. Expected .pt, .bin, or .safetensors files.", "
module": "engine", "function": "_validate_paths", "line": 95}                                           
lighttts-api  | {"timestamp": "2026-08-18T20:49:24Z", "level": "INFO", "logger": "core.lighttts.model_lo
ader", "message": "Discovering models in /app/data/models", "module": "model_loader", "function": "_disc
over_models", "line": 67}                                                                               
lighttts-api  | {"timestamp": "2026-08-18T20:49:24Z", "level": "INFO", "logger": "core.lighttts.model_lo
ader", "message": "Found cosyvoice3 model at /app/data/models/CosyVoice3-0.5B (4 files)", "module": "mod
el_loader", "function": "_discover_models", "line": 82}                                                 
lighttts-api  | {"timestamp": "2026-08-18T20:49:24Z", "level": "INFO", "logger": "core.lighttts.engine",
 "message": "Loading model: cosyvoice2", "module": "engine", "function": "_ensure_model_loaded", "line":
 116}                                                                                                   
lighttts-api  | {"timestamp": "2026-08-18T20:49:24Z", "level": "ERROR", "logger": "core.lighttts.engine"
, "message": "Failed to load model cosyvoice2: ModelLoadError.__init__() got multiple values for argumen
t 'model_type'", "exc_info": "Traceback (most recent call last):\n  File \"/app/core/lighttts/engine.py\
", line 118, in _ensure_model_loaded\n    model, model_version, load_wav = self._model_loader.load(model
_type)\n  File \"/app/core/lighttts/model_loader.py\", line 172, in load\n    raise ModelLoadError(\nTyp
eError: ModelLoadError.__init__() got multiple values for argument 'model_type'", "module": "engine", "f
unction": "_ensure_model_loaded", "line": 137}                                                          
lighttts-api  | {"timestamp": "2026-08-18T20:49:24Z", "level": "ERROR", "logger": "api.dependencies", "m
essage": "Failed to initialize LightTTSEngine: ModelLoadError.__init__() missing 1 required positional a
rgument: 'reason'", "exc_info": "Traceback (most recent call last):\n  File \"/app/core/lighttts/engine.
py\", line 118, in _ensure_model_loaded\n    model, model_version, load_wav = self._model_loader.load(mo
del_type)\n  File \"/app/core/lighttts/model_loader.py\", line 172, in load\n    raise ModelLoadError(\n
TypeError: ModelLoadError.__init__() got multiple values for argument 'model_type'\n\nDuring handling of
 the above exception, another exception occurred:\n\nTraceback (most recent call last):\n  File \"/app/a
pi/dependencies.py\", line 40, in get_lighttts_engine\n    _lighttts_engine = LightTTSEngine(\n  File \"
/app/core/lighttts/engine.py\", line 79, in __init__\n    self._ensure_model_loaded(self.default_model)\
n  File \"/app/core/lighttts/engine.py\", line 138, in _ensure_model_loaded\n    raise ModelLoadError(f\
"Model {model_type} loading failed: {e}\") from e\nTypeError: ModelLoadError.__init__() missing 1 requir
ed positional argument: 'reason'", "module": "dependencies", "function": "get_lighttts_engine", "line": 
49}                                                                                                     
lighttts-api  | INFO:     100.68.177.38:57138 - "POST /api/v1/tts HTTP/1.1" 500 Internal Server Error   
lighttts-api  | ERROR:    Exception in ASGI application                                                 
lighttts-api  | Traceback (most recent call last):                                                    
lighttts-api  | Traceback (most recent call last):                                    22:49:24 [46/1960]
lighttts-api  |   File "/app/core/lighttts/engine.py", line 118, in _ensure_model_loaded                
lighttts-api  |     model, model_version, load_wav = self._model_loader.load(model_type)                
lighttts-api  |   File "/app/core/lighttts/model_loader.py", line 172, in load                          
lighttts-api  |     raise ModelLoadError(                                                               
lighttts-api  | TypeError: ModelLoadError.__init__() got multiple values for argument 'model_type'      
lighttts-api  |                                                                                         
lighttts-api  | During handling of the above exception, another exception occurred:                     
lighttts-api  |                                                                                         
lighttts-api  | Traceback (most recent call last):                                                      
lighttts-api  |   File "/app/api/dependencies.py", line 40, in get_lighttts_engine                      
lighttts-api  |     _lighttts_engine = LightTTSEngine(                                                  
lighttts-api  |   File "/app/core/lighttts/engine.py", line 79, in __init__                             
lighttts-api  |     self._ensure_model_loaded(self.default_model)                                       
lighttts-api  |   File "/app/core/lighttts/engine.py", line 138, in _ensure_model_loaded                
lighttts-api  |     raise ModelLoadError(f"Model {model_type} loading failed: {e}") from e              
lighttts-api  | TypeError: ModelLoadError.__init__() missing 1 required positional argument: 'reason'   
lighttts-api  |                                                                                         
lighttts-api  | During handling of the above exception, another exception occurred:                     
lighttts-api  |                                                                                         
lighttts-api  | Traceback (most recent call last):                                                      
lighttts-api  |   File "/home/appuser/.local/lib/python3.10/site-packages/uvicorn/protocols/http/h11_imp
l.py", line 396, in run_asgi                                                                            
lighttts-api  |     result = await app(  # type: ignore[func-returns-value]                             
lighttts-api  |   File "/home/appuser/.local/lib/python3.10/site-packages/uvicorn/middleware/proxy_heade
rs.py", line 70, in __call__                                                                            
lighttts-api  |     return await self.app(scope, receive, send)                                         
lighttts-api  |   File "/home/appuser/.local/lib/python3.10/site-packages/fastapi/applications.py", line
 1054, in __call__                                                                                      
lighttts-api  |     await super().__call__(scope, receive, send)                                        
lighttts-api  |   File "/home/appuser/.local/lib/python3.10/site-packages/starlette/applications.py", li
ne 113, in __call__                                                                                     
lighttts-api  |     await self.middleware_stack(scope, receive, send)                                   
lighttts-api  |   File "/home/appuser/.local/lib/python3.10/site-packages/starlette/middleware/errors.py
", line 187, in __call__                                                                                
lighttts-api  |     raise exc                                                                           
lighttts-api  |   File "/home/appuser/.local/lib/python3.10/site-packages/starlette/middleware/errors.py
", line 165, in __call__                                                                                
lighttts-api  |     await self.app(scope, receive, _send)                                               
lighttts-api  |   File "/home/appuser/.local/lib/python3.10/site-packages/starlette/middleware/cors.py",
 line 85, in __call__                                                                                   
lighttts-api  |     await self.app(scope, receive, send)                                                
lighttts-api  |   File "/home/appuser/.local/lib/python3.10/site-packages/starlette/middleware/exception
s.py", line 62, in __call__                                                                             
lighttts-api  |     await wrap_app_handling_exceptions(self.app, conn)(scope, receive, send)            
lighttts-api  |   File "/home/appuser/.local/lib/python3.10/site-packages/starlette/_exception_handler.p
y", line 53, in wrapped_app                                                                             
lighttts-api  |     raise exc

y", line 53, in wrapped_app
lighttts-api  |     raise exc
lighttts-api  |   File "/home/appuser/.local/lib/python3.10/site-packages/starlette/_exception_handler.py", line 42, in wrapped_app
lighttts-api  |     await app(scope, receive, sender)
lighttts-api  |   File "/home/appuser/.local/lib/python3.10/site-packages/starlette/routing.py", line 715, in __call__
lighttts-api  |     await self.middleware_stack(scope, receive, send)
lighttts-api  |   File "/home/appuser/.local/lib/python3.10/site-packages/starlette/routing.py", line 735, in app
lighttts-api  |     await route.handle(scope, receive, send)
lighttts-api  |   File "/home/appuser/.local/lib/python3.10/site-packages/starlette/routing.py", line 288, in handle
lighttts-api  |     await self.app(scope, receive, send)
lighttts-api  |   File "/home/appuser/.local/lib/python3.10/site-packages/starlette/routing.py", line 76, in app
lighttts-api  |     await wrap_app_handling_exceptions(app, request)(scope, receive, send)
lighttts-api  |   File "/home/appuser/.local/lib/python3.10/site-packages/starlette/_exception_handler.py", line 53, in wrapped_app
lighttts-api  |     raise exc
lighttts-api  |   File "/home/appuser/.local/lib/python3.10/site-packages/starlette/_exception_handler.py", line 42, in wrapped_app
lighttts-api  |     await app(scope, receive, sender)
lighttts-api  |   File "/home/appuser/.local/lib/python3.10/site-packages/starlette/routing.py", line 73, in app
lighttts-api  |     response = await f(request)
lighttts-api  |   File "/home/appuser/.local/lib/python3.10/site-packages/fastapi/routing.py", line 291, in app
lighttts-api  |     solved_result = await solve_dependencies(
lighttts-api  |   File "/home/appuser/.local/lib/python3.10/site-packages/fastapi/dependencies/utils.py", line 640, in solve_dependencies
lighttts-api  |     solved = await run_in_threadpool(call, **solved_result.values)
lighttts-api  |   File "/home/appuser/.local/lib/python3.10/site-packages/starlette/concurrency.py", line 39, in run_in_threadpool
lighttts-api  |     return await anyio.to_thread.run_sync(func, *args)
lighttts-api  |   File "/home/appuser/.local/lib/python3.10/site-packages/anyio/to_thread.py", line 65, in run_sync
lighttts-api  |     return await get_async_backend().run_sync_in_worker_thread(
lighttts-api  |   File "/home/appuser/.local/lib/python3.10/site-packages/anyio/_backends/_asyncio.py", line 2641, in run_sync_in_worker_thread
lighttts-api  |     return await future
lighttts-api  |   File "/home/appuser/.local/lib/python3.10/site-packages/anyio/_backends/_asyncio.py", line 1033, in run
lighttts-api  |     result = context.run(func, *args)
lighttts-api  |   File "/app/api/dependencies.py", line 53, in get_lighttts_engine
lighttts-api  |     raise ModelLoadError(f"Engine initialization failed: {e}") from e
lighttts-api  | TypeError: ModelLoadError.__init__() missing 1 required positional argument: 'reason'


